<html>
<body>
<pre>
<h1>µVision Build Log</h1>
<h2>Tool Versions:</h2>
IDE-Version: ¦ÌVision V5.34.0.0
Copyright (C) 2021 ARM Ltd and ARM Germany GmbH. All rights reserved.
License Information: 1 Tony, 1, LIC=6XJT4-F47QZ-QIV5M-XVDUW-1IVFZ-NE5WA
 
Tool Versions:
Toolchain:       MDK-ARM Professional  Version: 5.34.0.0
Toolchain Path:  D:\RM programs\ARM\ARMCC\Bin
C Compiler:      Armcc.exe V5.06 update 7 (build 960)
Assembler:       Armasm.exe V5.06 update 7 (build 960)
Linker/Locator:  ArmLink.exe V5.06 update 7 (build 960)
Library Manager: ArmAr.exe V5.06 update 7 (build 960)
Hex Converter:   FromElf.exe V5.06 update 7 (build 960)
CPU DLL:         SARMCM3.DLL V5.34.0.0
Dialog DLL:      DCM.DLL V1.17.3.0
Target DLL:      CMSIS_AGDI.dll V1.32.13.0
Dialog DLL:      TCM.DLL V1.48.0.0
 
<h2>Project:</h2>
D:\RM\HERO\HERO_Now\HERO_Second\MDK-ARM\standard_robot.uvprojx
Project File Date:  06/10/2025

<h2>Output:</h2>
*** Using Compiler 'V5.06 update 7 (build 960)', folder: 'D:\RM programs\ARM\ARMCC\Bin'
Rebuild target 'standard_robot'
assembling startup_stm32f407xx.s...
compiling rng.c...
compiling dma.c...
compiling crc.c...
compiling rtc.c...
compiling tim.c...
compiling gpio.c...
compiling can.c...
compiling adc.c...
compiling usb_device.c...
compiling spi.c...
compiling usart.c...
compiling i2c.c...
compiling main.c...
compiling freertos.c...
compiling bsp_can.c...
compiling usbd_conf.c...
compiling bsp_delay.c...
compiling bsp_crc32.c...
compiling system_stm32f4xx.c...
compiling usbd_desc.c...
compiling bsp_i2c.c...
compiling bsp_adc.c...
compiling bsp_imu_pwm.c...
compiling stm32f4xx_it.c...
../Src/stm32f4xx_it.c(176): warning:  #223-D: function "xPortSysTickHandler" declared implicitly
    xPortSysTickHandler();
../Src/stm32f4xx_it.c: 1 warning, 0 errors
compiling stm32f4xx_hal_msp.c...
compiling bsp_buzzer.c...
compiling bsp_flash.c...
compiling usbd_cdc_if.c...
compiling detect_task.c...
compiling bsp_PWM.c...
compiling bsp_rc.c...
compiling bsp_led.c...
compiling bsp_dwt.c...
compiling bsp_servo_pwm.c...
compiling bsp_rng.c...
compiling remote_control.c...
compiling can_comm.c...
compiling bsp_hipnuc.c...
compiling bsp_usart.c...
compiling bsp_spi.c...
compiling chassis_task.c...
compiling CAN_receive.c...
compiling chassis_behaviour.c...
compiling referee.c...
compiling led_flow_task.c...
compiling hipnuc_rx.c...
compiling ins_task.c...
compiling ist8310driver.c...
compiling referee_usart_task.c...
compiling voltage_task.c...
compiling usb_task.c...
compiling RM_Cilent_UI.c...
compiling uart_send_task.c...
compiling gimbal_task.c...
compiling vision_task.c...
compiling gimbal_behaviour.c...
compiling UI_task.c...
compiling shoot_task.c...
compiling user_lib.c...
compiling kalman_filter.c...
compiling QuaternionEKF.c...
compiling BMI088Middleware.c...
compiling CRC8_CRC16.c...
compiling BMI088driver.c...
compiling Mathh.c...
compiling fifo.c...
compiling vofa.c...
compiling AHRS_middleware.c...
compiling pid.c...
compiling mem_mang4.c...
compiling OLED.c...
compiling ist8310driver_middleware.c...
compiling stm32.c...
compiling PID_control.c...
compiling controller.c...
compiling stm32f4xx_hal_flash_ramfunc.c...
compiling stm32f4xx_hal_flash_ex.c...
compiling stm32f4xx_hal_dma.c...
compiling stm32f4xx_hal_gpio.c...
compiling stm32f4xx_hal_flash.c...
compiling stm32f4xx_hal_cortex.c...
compiling stm32f4xx_hal_pcd_ex.c...
compiling stm32f4xx_hal_pcd.c...
compiling stm32f4xx_hal_rcc.c...
compiling stm32f4xx_hal_dma_ex.c...
compiling stm32f4xx_hal_rcc_ex.c...
compiling stm32f4xx_hal_pwr_ex.c...
compiling stm32f4xx_hal_pwr.c...
compiling stm32f4xx_ll_usb.c...
compiling stm32f4xx_hal_can.c...
compiling stm32f4xx_hal_exti.c...
compiling stm32f4xx_hal_crc.c...
compiling stm32f4xx_hal.c...
compiling croutine.c...
compiling stm32f4xx_hal_rng.c...
compiling event_groups.c...
compiling stm32f4xx_hal_i2c_ex.c...
compiling stm32f4xx_hal_rtc_ex.c...
compiling list.c...
compiling stm32f4xx_hal_adc_ex.c...
compiling stream_buffer.c...
compiling queue.c...
compiling stm32f4xx_hal_tim_ex.c...
compiling stm32f4xx_hal_rtc.c...
compiling stm32f4xx_hal_adc.c...
compiling tasks.c...
compiling stm32f4xx_hal_spi.c...
compiling heap_4.c...
compiling timers.c...
compiling stm32f4xx_hal_i2c.c...
compiling stm32f4xx_hal_tim.c...
compiling cmsis_os.c...
compiling port.c...
compiling stm32f4xx_hal_uart.c...
compiling usbd_core.c...
compiling usbd_ioreq.c...
compiling usbd_ctlreq.c...
compiling usbd_cdc.c...
linking...
Program Size: Code=87460 RO-data=4836 RW-data=1932 ZI-data=58796  
FromELF: creating hex file...
"standard_tpye_c\standard_tpye_c.axf" - 0 Error(s), 1 Warning(s).

<h2>Software Packages used:</h2>

Package Vendor: ARM
                http://www.keil.com/pack/ARM.CMSIS.5.7.0.pack
                ARM.CMSIS.5.7.0
                CMSIS (Cortex Microcontroller Software Interface Standard)
   * Component: CORE Version: 5.4.0

Package Vendor: Keil
                http://www.keil.com/pack/Keil.STM32F4xx_DFP.2.14.0.pack
                Keil.STM32F4xx_DFP.2.14.0
                STMicroelectronics STM32F4 Series Device Support, Drivers and Examples

<h2>Collection of Component include folders:</h2>
  .\RTE\_standard_robot
  D:\RM programs\Arm\Packs\ARM\CMSIS\5.7.0\CMSIS\Core\Include
  D:\RM programs\Arm\Packs\Keil\STM32F4xx_DFP\2.14.0\Drivers\CMSIS\Device\ST\STM32F4xx\Include

<h2>Collection of Component Files used:</h2>

   * Component: ARM::CMSIS:CORE:5.4.0
Build Time Elapsed:  00:00:53
</pre>
</body>
</html>
